INFO  Using log config file: jar:file:/C:/prog/ghidra/ghidra_12.1.3_PUBLIC/Ghidra/Framework/Generic/lib/Generic.jar!/generic.log4j.xml (LoggingInitialization)  
INFO  Using log file: C:\Users\yomei2\AppData\Roaming\ghidra\ghidra_12.1.3_PUBLIC\application.log (LoggingInitialization)  
INFO  Loading user preferences: C:\Users\yomei2\AppData\Roaming\ghidra\ghidra_12.1.3_PUBLIC\preferences (Preferences)  
INFO  Searching for classes... (ClassSearcher)  
INFO  Class search complete (1775 ms) (ClassSearcher)  
INFO  Initializing SSL Context (DefaultSSLContextInitializer)  
INFO  Initializing Random Number Generator... (SecureRandomFactory)  
INFO  Random Number Generator initialization complete: SHA1PRNG (SecureRandomFactory)  
INFO  Trust manager disabled, cacerts have not been set (DefaultTrustManagerFactory)  
INFO  Headless startup complete (15199 ms) (AnalyzeHeadless)  
INFO  Class searcher loaded 93 extension points (46 false positives) (ClassSearcher)  
INFO  HEADLESS Script Paths:
    C:\prog\ghidra\ghidra_12.1.3_PUBLIC\Ghidra\Debug\Debugger-rmi-trace\ghidra_scripts
    C:\prog\ghidra\ghidra_12.1.3_PUBLIC\Ghidra\Features\FileFormats\ghidra_scripts
    C:\prog\ghidra\ghidra_12.1.3_PUBLIC\Ghidra\Features\GnuDemangler\ghidra_scripts
    C:\prog\ghidra\ghidra_12.1.3_PUBLIC\Ghidra\Features\VersionTracking\ghidra_scripts
    C:\prog\ghidra\ghidra_12.1.3_PUBLIC\Ghidra\Debug\Debugger\ghidra_scripts
    C:\prog\ghidra\ghidra_12.1.3_PUBLIC\Ghidra\Processors\8051\ghidra_scripts
    C:\prog\ghidra\ghidra_12.1.3_PUBLIC\Ghidra\Features\BSim\ghidra_scripts
    C:\prog\ghidra\ghidra_12.1.3_PUBLIC\Ghidra\Features\WildcardAssembler\ghidra_scripts
    C:\prog\ghidra\ghidra_12.1.3_PUBLIC\Ghidra\Features\FunctionID\ghidra_scripts
    C:\prog\ghidra\ghidra_12.1.3_PUBLIC\Ghidra\Features\SystemEmulation\ghidra_scripts
    C:\prog\ghidra\ghidra_12.1.3_PUBLIC\Ghidra\Processors\PIC\ghidra_scripts
    C:\prog\ghidra\ghidra_12.1.3_PUBLIC\Ghidra\Features\PDB\ghidra_scripts
    C:\prog\ghidra\ghidra_12.1.3_PUBLIC\Ghidra\Features\DecompilerDependent\ghidra_scripts
    C:\prog\ghidra\ghidra_12.1.3_PUBLIC\Ghidra\Features\SwiftDemangler\ghidra_scripts
    C:\prog\ghidra\ghidra_12.1.3_PUBLIC\Ghidra\Features\MicrosoftCodeAnalyzer\ghidra_scripts
    C:\prog\ghidra\ghidra_12.1.3_PUBLIC\Ghidra\Processors\DATA\ghidra_scripts
    C:\prog\claude2\lord_monarch_wasm\tools\ghidra_scripts
    C:\prog\ghidra\ghidra_12.1.3_PUBLIC\Ghidra\Features\Decompiler\ghidra_scripts
    C:\prog\ghidra\ghidra_12.1.3_PUBLIC\Ghidra\Features\BytePatterns\ghidra_scripts
    C:\prog\ghidra\ghidra_12.1.3_PUBLIC\Ghidra\Features\PyGhidra\ghidra_scripts
    C:\prog\ghidra\ghidra_12.1.3_PUBLIC\Ghidra\Processors\Atmel\ghidra_scripts
    C:\prog\ghidra\ghidra_12.1.3_PUBLIC\Ghidra\Features\Base\ghidra_scripts
    C:\prog\ghidra\ghidra_12.1.3_PUBLIC\Ghidra\Processors\JVM\ghidra_scripts (HeadlessAnalyzer)  
INFO  HEADLESS: execution starts (HeadlessAnalyzer)  
INFO  Creating project: C:\prog\claude2\lord_monarch_wasm\ghidra_proj\lm (HeadlessAnalyzer)  
INFO  Creating project: C:\prog\claude2\lord_monarch_wasm\ghidra_proj\lm (DefaultProject)  
INFO  REPORT: Processing input files:  (HeadlessAnalyzer)  
INFO       project: C:\prog\claude2\lord_monarch_wasm\ghidra_proj\lm (HeadlessAnalyzer)  
INFO  IMPORTING: file:///C:/prog/claude2/lord_monarch_wasm/tmp/mem.bin (HeadlessAnalyzer)  
INFO  Successfully applied "-loader-baseAddr" to "Base Address" (old: "null", new: "0000:0") (ProgramLoader)  
INFO  Using Loader: Raw Binary (ProgramLoader)  
INFO  Using Language/Compiler: x86:LE:16:Real Mode:default (ProgramLoader)  
INFO  Using Library Search Path: [., C:\WINDOWS\SysWOW64, C:\prog\ghidra\jdk-21.0.12.1+1\bin, C:\WINDOWS\Sun\Java\bin, C:\WINDOWS\system32, C:\WINDOWS, C:\Users\yomei2\bin, C:\Program Files\Git\clangarm64\bin, C:\Program Files\Git\usr\local\bin, C:\Program Files\Git\usr\bin, C:\Program Files\Git\mingw64\bin, C:\Python313\Scripts, C:\Python313, C:\prog\w64devkit\bin, C:\Program Files\LLVM\bin, C:\Windows\System32, C:\WINDOWS\System32\Wbem, C:\WINDOWS\System32\WindowsPowerShell\v1.0, C:\WINDOWS\System32\OpenSSH, C:\Program Files\CMake\bin, C:\Program Files\Git\cmd, C:\Users\yomei2\AppData\Local\Programs\Python\Python312, C:\Users\yomei2\AppData\Local\Programs\Python\Python312\Scripts, C:\Program Files\MySQL\MySQL Server 8.4\bin, C:\ProgramData\chocolatey\bin, C:\Program Files\nodejs, C:\Users\yomei2\.local\bin, C:\Program Files\GitHub CLI, C:\Users\yomei2\AppData\Local\Microsoft\WindowsApps, C:\php, C:\Users\yomei2\AppData\Local\Programs\Microsoft VS Code\bin, C:\Users\yomei2\AppData\Roaming\npm, C:\Program Files\Git\usr\bin\vendor_perl, C:\Program Files\Git\usr\bin\core_perl] (ProgramLoader)  
INFO  IMPORTING: Loaded 0 additional files (HeadlessAnalyzer)  
INFO  REPORT: Execute script: SetEntry.java '1000:0000'  (HeadlessAnalyzer)  
INFO  SCRIPT: C:\prog\claude2\lord_monarch_wasm\tools\ghidra_scripts\SetEntry.java (HeadlessAnalyzer)  
INFO  SetEntry.java> SetEntry: entry at 1000:0000 (GhidraScript)  
INFO  ANALYZING all memory and code: file:///C:/prog/claude2/lord_monarch_wasm/tmp/mem.bin (HeadlessAnalyzer)  
INFO  Packed database cache: C:\Users\yomei2\AppData\Local\ghidra\packed-db-cache (PackedDatabaseCache)  
INFO  Applied data type archive: generic_clib (ApplyDataArchiveAnalyzer)  
INFO  -----------------------------------------------------
    ASCII Strings                              1.358 secs
    Apply Data Archives                        4.918 secs
    Call Convention ID                         0.017 secs
    Call-Fixup Installer                       0.009 secs
    Create Function                            0.104 secs
    Data Reference                             0.009 secs
    Decompiler Switch Analysis                 0.009 secs
    Demangler GNU                              0.234 secs
    Disassemble Entry Points                   0.081 secs
    Embedded Media                             0.092 secs
    External Entry References                  0.002 secs
    Function ID                                0.138 secs
    Function Start Search                      0.104 secs
    Non-Returning Functions - Discovered       0.063 secs
    Reference                                  0.078 secs
    Segmented X86 Calling Conventions          0.012 secs
    Shared Return Calls                        0.024 secs
    Stack                                      0.683 secs
    Subroutine References                      0.017 secs
    X86 Function Callee Purge                  0.085 secs
    x86 Constant Reference Analyzer            0.628 secs
-----------------------------------------------------
     Total Time   8 secs
-----------------------------------------------------
 (AutoAnalysisManager)  
INFO  REPORT: Analysis succeeded for file: file:///C:/prog/claude2/lord_monarch_wasm/tmp/mem.bin (HeadlessAnalyzer)  
INFO  REPORT: Execute script: SweepCode.java '1000:0000' '0xa438'  (HeadlessAnalyzer)  
INFO  SCRIPT: C:\prog\claude2\lord_monarch_wasm\tools\ghidra_scripts\SweepCode.java (HeadlessAnalyzer)  
INFO  SweepCode.java> SweepCode: 1000:0000 .. 1000:a437 (GhidraScript)  
INFO  SweepCode.java> SweepCode: disassembled from 923 fresh starts (GhidraScript)  
INFO  SweepCode.java> SweepCode: 1228 call targets, 791 new functions (GhidraScript)  
INFO  REPORT: Execute script: DecompileAll.java 'C:/prog/claude2/lord_monarch_wasm/decomp'  (HeadlessAnalyzer)  
INFO  SCRIPT: C:\prog\claude2\lord_monarch_wasm\tools\ghidra_scripts\DecompileAll.java (HeadlessAnalyzer)  
WARN  Decompiling 0000:70d2, pcode error at 1000:0084: Unable to resolve constructor at 1000:0084 (DecompileCallback)  
WARN  Decompiling 1000:0000, pcode error at 1000:0084: Unable to resolve constructor at 1000:0084 (DecompileCallback)  
WARN  Decompiling 1000:0082, pcode error at 1000:0084: Unable to resolve constructor at 1000:0084 (DecompileCallback)  
WARN  Decompiling 1000:029d, pcode error at 1000:02d7: Failed to resolve varnode <Sreg>, index=6 (DecompileCallback)  
WARN  Decompiling 1000:029d, pcode error at 1000:03e2: Unable to resolve constructor at 1000:03e2 (DecompileCallback)  
WARN  Decompiling 1000:02ac, pcode error at 1000:02d7: Failed to resolve varnode <Sreg>, index=6 (DecompileCallback)  
WARN  Decompiling 1000:02ac, pcode error at 1000:03e2: Unable to resolve constructor at 1000:03e2 (DecompileCallback)  
WARN  Decompiling 1000:02ca, pcode error at 1000:02d7: Failed to resolve varnode <Sreg>, index=6 (DecompileCallback)  
WARN  Decompiling 1000:02ca, pcode error at 1000:03e2: Unable to resolve constructor at 1000:03e2 (DecompileCallback)  
WARN  Decompiling 1000:076c, pcode error at 1000:076f: Failed to resolve varnode <Sreg>, index=6 (DecompileCallback)  
WARN  Decompiling 1000:082c, pcode error at 1000:085b: Unable to resolve constructor at 1000:085b (DecompileCallback)  
WARN  Decompiling 1000:082c, pcode error at 1000:b91d: Could not follow disassembly flow into non-existing memory at 1000:b91d (DecompileCallback)  
WARN  Decompiling 1000:0834, pcode error at 1000:085b: Unable to resolve constructor at 1000:085b (DecompileCallback)  
WARN  Decompiling 1000:0834, pcode error at 1000:b91d: Could not follow disassembly flow into non-existing memory at 1000:b91d (DecompileCallback)  
WARN  Decompiling 1000:0bde, pcode error at 1000:0cef: Unable to resolve constructor at 1000:0cef (DecompileCallback)  
WARN  Decompiling 1000:0cca, pcode error at 1000:0cef: Unable to resolve constructor at 1000:0cef (DecompileCallback)  
WARN  Decompiling 1000:0cfe, pcode error at 1000:0f4b: Unable to resolve constructor at 1000:0f4b (DecompileCallback)  
WARN  Decompiling 1000:0d42, pcode error at 1000:0f4b: Unable to resolve constructor at 1000:0f4b (DecompileCallback)  
WARN  Decompiling 1000:0dd7, pcode error at 1000:0dda: Unable to resolve constructor at 1000:0dda (DecompileCallback)  
WARN  Decompiling 1000:0f31, pcode error at 1000:0084: Unable to resolve constructor at 1000:0084 (DecompileCallback)  
WARN  Decompiling 1000:0ffc, pcode error at 1000:22b2: Unable to resolve constructor at 1000:22b2 (DecompileCallback)  
WARN  Decompiling 1000:1302, pcode error at 1000:1383: Unable to resolve constructor at 1000:1383 (DecompileCallback)  
WARN  Decompiling 1000:1346, pcode error at 1000:1383: Unable to resolve constructor at 1000:1383 (DecompileCallback)  
WARN  Decompiling 1000:1371, pcode error at 1000:1383: Unable to resolve constructor at 1000:1383 (DecompileCallback)  
WARN  Decompiling 1000:1388, pcode error at 1000:139f: Failed to resolve varnode <Sreg>, index=7 (DecompileCallback)  
WARN  Decompiling 1000:1388, pcode error at 1000:13c0: Unable to resolve constructor at 1000:13c0 (DecompileCallback)  
WARN  Decompiling 1000:1388, pcode error at 1000:14f3: Unable to resolve constructor at 1000:14f3 (DecompileCallback)  
WARN  Decompiling 1000:1388, pcode error at 1000:1621: Unable to resolve constructor at 1000:1621 (DecompileCallback)  
WARN  Decompiling 1000:1388, pcode error at 1000:1646: Unable to resolve constructor at 1000:1646 (DecompileCallback)  
WARN  Decompiling 1000:1388, pcode error at 1000:15d7: Unable to resolve constructor at 1000:15d7 (DecompileCallback)  
WARN  Decompiling 1000:1388, pcode error at 3000:d1f2: Could not follow disassembly flow into non-existing memory at 3000:d1f2 (DecompileCallback)  
WARN  Decompiling 1000:1388, pcode error at 1000:7108: Unable to resolve constructor at 1000:7108 (DecompileCallback)  
WARN  Decompiling 1000:13a2, pcode error at 1000:13c0: Unable to resolve constructor at 1000:13c0 (DecompileCallback)  
WARN  Decompiling 1000:13a2, pcode error at 1000:14f3: Unable to resolve constructor at 1000:14f3 (DecompileCallback)  
WARN  Decompiling 1000:13a2, pcode error at 1000:1621: Unable to resolve constructor at 1000:1621 (DecompileCallback)  
WARN  Decompiling 1000:13a2, pcode error at 1000:1646: Unable to resolve constructor at 1000:1646 (DecompileCallback)  
WARN  Decompiling 1000:13a2, pcode error at 1000:15d7: Unable to resolve constructor at 1000:15d7 (DecompileCallback)  
WARN  Decompiling 1000:13a2, pcode error at 3000:d1f2: Could not follow disassembly flow into non-existing memory at 3000:d1f2 (DecompileCallback)  
WARN  Decompiling 1000:13a2, pcode error at 1000:7108: Unable to resolve constructor at 1000:7108 (DecompileCallback)  
WARN  Decompiling 1000:13f4, pcode error at 1000:14f3: Unable to resolve constructor at 1000:14f3 (DecompileCallback)  
WARN  Decompiling 1000:13f4, pcode error at 1000:1621: Unable to resolve constructor at 1000:1621 (DecompileCallback)  
WARN  Decompiling 1000:13f4, pcode error at 1000:1646: Unable to resolve constructor at 1000:1646 (DecompileCallback)  
WARN  Decompiling 1000:13f4, pcode error at 1000:15d7: Unable to resolve constructor at 1000:15d7 (DecompileCallback)  
WARN  Decompiling 1000:13f4, pcode error at 3000:d1f2: Could not follow disassembly flow into non-existing memory at 3000:d1f2 (DecompileCallback)  
WARN  Decompiling 1000:13f4, pcode error at 1000:7108: Unable to resolve constructor at 1000:7108 (DecompileCallback)  
WARN  Decompiling 1000:1460, pcode error at 1000:7108: Unable to resolve constructor at 1000:7108 (DecompileCallback)  
WARN  Decompiling 1000:14bb, pcode error at 1000:14f3: Unable to resolve constructor at 1000:14f3 (DecompileCallback)  
WARN  Decompiling 1000:14da, pcode error at 1000:14f3: Unable to resolve constructor at 1000:14f3 (DecompileCallback)  
WARN  Decompiling 1000:14e4, pcode error at 1000:14f3: Unable to resolve constructor at 1000:14f3 (DecompileCallback)  
WARN  Decompiling 1000:16c6, pcode error at 1000:c4d8: Could not follow disassembly flow into non-existing memory at 1000:c4d8 (DecompileCallback)  
WARN  Decompiling 1000:16eb, pcode error at 1000:16bf: Unable to resolve constructor at 1000:16bf (DecompileCallback)  
WARN  Decompiling 1000:174b, pcode error at 1000:4af8: Unable to resolve constructor at 1000:4af8 (DecompileCallback)  
WARN  Decompiling 1000:1751, pcode error at 1000:4af8: Unable to resolve constructor at 1000:4af8 (DecompileCallback)  
WARN  Decompiling 1000:196f, pcode error at 1000:197c: Unable to resolve constructor at 1000:197c (DecompileCallback)  
WARN  Decompiling 1000:1982, pcode error at 1000:197c: Unable to resolve constructor at 1000:197c (DecompileCallback)  
WARN  Decompiling 1000:1982, pcode error at 1000:484c: Unable to resolve constructor at 1000:484c (DecompileCallback)  
WARN  Decompiling 1000:1982, pcode error at 1000:1b01: Unable to resolve constructor at 1000:1b01 (DecompileCallback)  
WARN  Decompiling 1000:1a90, pcode error at 1000:484c: Unable to resolve constructor at 1000:484c (DecompileCallback)  
WARN  Decompiling 1000:1a90, pcode error at 1000:1b01: Unable to resolve constructor at 1000:1b01 (DecompileCallback)  
WARN  Decompiling 1000:1c91, pcode error at 1000:1da8: Unable to resolve constructor at 1000:1da8 (DecompileCallback)  
WARN  Decompiling 1000:1c91, pcode error at 1000:ec38: Could not follow disassembly flow into non-existing memory at 1000:ec38 (DecompileCallback)  
WARN  Decompiling 1000:1c91, pcode error at 1000:c3c2: Could not follow disassembly flow into non-existing memory at 1000:c3c2 (DecompileCallback)  
WARN  Decompiling 1000:1c91, pcode error at 6000:fb58: Could not follow disassembly flow into non-existing memory at 6000:fb58 (DecompileCallback)  
WARN  Decompiling 1000:1cc3, pcode error at 1000:1da8: Unable to resolve constructor at 1000:1da8 (DecompileCallback)  
WARN  Decompiling 1000:1cc3, pcode error at 1000:ec38: Could not follow disassembly flow into non-existing memory at 1000:ec38 (DecompileCallback)  
WARN  Decompiling 1000:1cc3, pcode error at 1000:c3c2: Could not follow disassembly flow into non-existing memory at 1000:c3c2 (DecompileCallback)  
WARN  Decompiling 1000:1cc3, pcode error at 6000:fb58: Could not follow disassembly flow into non-existing memory at 6000:fb58 (DecompileCallback)  
WARN  Decompiling 1000:1e3f, pcode error at 1000:c3c2: Could not follow disassembly flow into non-existing memory at 1000:c3c2 (DecompileCallback)  
WARN  Decompiling 1000:1fdf, pcode error at 1000:ebf2: Could not follow disassembly flow into non-existing memory at 1000:ebf2 (DecompileCallback)  
WARN  Decompiling 1000:2002, pcode error at d000:751b: Could not follow disassembly flow into non-existing memory at d000:751b (DecompileCallback)  
WARN  Decompiling 1000:2425, pcode error at 1000:c221: Could not follow disassembly flow into non-existing memory at 1000:c221 (DecompileCallback)  
WARN  Decompiling 1000:2425, pcode error at 1000:2691: Unable to resolve constructor at 1000:2691 (DecompileCallback)  
WARN  Decompiling 1000:2425, pcode error at 1000:2653: Unable to resolve constructor at 1000:2653 (DecompileCallback)  
WARN  Decompiling 1000:25f8, pcode error at 1000:2691: Unable to resolve constructor at 1000:2691 (DecompileCallback)  
WARN  Decompiling 1000:25f8, pcode error at 1000:2653: Unable to resolve constructor at 1000:2653 (DecompileCallback)  
WARN  Decompiling 1000:2822, pcode error at 1000:283f: Unable to resolve constructor at 1000:283f (DecompileCallback)  
WARN  Decompiling 1000:2828, pcode error at 1000:282b: Unable to resolve constructor at 1000:282b (DecompileCallback)  
WARN  Decompiling 1000:282e, pcode error at 1000:283f: Unable to resolve constructor at 1000:283f (DecompileCallback)  
WARN  Decompiling 1000:2895, pcode error at 1000:28d6: Unable to resolve constructor at 1000:28d6 (DecompileCallback)  
WARN  Decompiling 1000:2983, pcode error at 1000:29b0: Unable to resolve constructor at 1000:29b0 (DecompileCallback)  
WARN  Decompiling 1000:29aa, pcode error at 1000:29b0: Unable to resolve constructor at 1000:29b0 (DecompileCallback)  
WARN  Decompiling 1000:2a9c, pcode error at 1000:2ce0: Unable to resolve constructor at 1000:2ce0 (DecompileCallback)  
WARN  Decompiling 1000:2a9c, pcode error at 1000:2b71: Unable to resolve constructor at 1000:2b71 (DecompileCallback)  
WARN  Decompiling 1000:2af5, pcode error at 1000:2ce0: Unable to resolve constructor at 1000:2ce0 (DecompileCallback)  
WARN  Decompiling 1000:2af5, pcode error at 1000:2b71: Unable to resolve constructor at 1000:2b71 (DecompileCallback)  
WARN  Decompiling 1000:2c1c, pcode error at 1000:2ce0: Unable to resolve constructor at 1000:2ce0 (DecompileCallback)  
WARN  Decompiling 1000:2d39, pcode error at 1000:b92e: Could not follow disassembly flow into non-existing memory at 1000:b92e (DecompileCallback)  
WARN  Decompiling 1000:2f08, pcode error at 1000:2f3e: Unable to resolve constructor at 1000:2f3e (DecompileCallback)  
WARN  Decompiling 1000:2f10, pcode error at 1000:2f3e: Unable to resolve constructor at 1000:2f3e (DecompileCallback)  
WARN  Decompiling 1000:2fa9, pcode error at 1000:3031: Unable to resolve constructor at 1000:3031 (DecompileCallback)  
WARN  Decompiling 1000:2fa9, pcode error at 1000:3f38: Unable to resolve constructor at 1000:3f38 (DecompileCallback)  
WARN  Decompiling 1000:2fef, pcode error at 1000:3031: Unable to resolve constructor at 1000:3031 (DecompileCallback)  
WARN  Decompiling 1000:2ffd, pcode error at 1000:3031: Unable to resolve constructor at 1000:3031 (DecompileCallback)  
WARN  Decompiling 1000:3013, pcode error at 1000:3031: Unable to resolve constructor at 1000:3031 (DecompileCallback)  
WARN  Decompiling 1000:32fe, pcode error at 1000:e0be: Could not follow disassembly flow into non-existing memory at 1000:e0be (DecompileCallback)  
WARN  Decompiling 1000:3539, pcode error at 1000:353a: Unable to resolve constructor at 1000:353a (DecompileCallback)  
WARN  Decompiling 1000:356b, pcode error at 1000:c221: Could not follow disassembly flow into non-existing memory at 1000:c221 (DecompileCallback)  
WARN  Decompiling 1000:356b, pcode error at 1000:2691: Unable to resolve constructor at 1000:2691 (DecompileCallback)  
WARN  Decompiling 1000:356b, pcode error at 1000:2653: Unable to resolve constructor at 1000:2653 (DecompileCallback)  
WARN  Decompiling 1000:356b, pcode error at 1000:3596: Unable to resolve constructor at 1000:3596 (DecompileCallback)  
WARN  Decompiling 1000:3578, pcode error at 1000:c221: Could not follow disassembly flow into non-existing memory at 1000:c221 (DecompileCallback)  
WARN  Decompiling 1000:3578, pcode error at 1000:2691: Unable to resolve constructor at 1000:2691 (DecompileCallback)  
WARN  Decompiling 1000:3578, pcode error at 1000:2653: Unable to resolve constructor at 1000:2653 (DecompileCallback)  
WARN  Decompiling 1000:3578, pcode error at 1000:3596: Unable to resolve constructor at 1000:3596 (DecompileCallback)  
WARN  Decompiling 1000:3586, pcode error at 1000:c221: Could not follow disassembly flow into non-existing memory at 1000:c221 (DecompileCallback)  
WARN  Decompiling 1000:3586, pcode error at 1000:2691: Unable to resolve constructor at 1000:2691 (DecompileCallback)  
WARN  Decompiling 1000:3586, pcode error at 1000:2653: Unable to resolve constructor at 1000:2653 (DecompileCallback)  
WARN  Decompiling 1000:3586, pcode error at 1000:3596: Unable to resolve constructor at 1000:3596 (DecompileCallback)  
WARN  Decompiling 1000:359d, pcode error at 1000:35a3: Unable to resolve constructor at 1000:35a3 (DecompileCallback)  
WARN  Decompiling 1000:35d3, pcode error at 1000:3639: Unable to resolve constructor at 1000:3639 (DecompileCallback)  
WARN  Decompiling 1000:36e4, pcode error at 1000:39ea: Unable to resolve constructor at 1000:39ea (DecompileCallback)  
WARN  Decompiling 1000:36e4, pcode error at 1000:3843: Unable to resolve constructor at 1000:3843 (DecompileCallback)  
WARN  Decompiling 1000:36e9, pcode error at 1000:39ea: Unable to resolve constructor at 1000:39ea (DecompileCallback)  
WARN  Decompiling 1000:36e9, pcode error at 1000:3843: Unable to resolve constructor at 1000:3843 (DecompileCallback)  
WARN  Decompiling 1000:3716, pcode error at 1000:39ea: Unable to resolve constructor at 1000:39ea (DecompileCallback)  
WARN  Decompiling 1000:3716, pcode error at 1000:3843: Unable to resolve constructor at 1000:3843 (DecompileCallback)  
WARN  Decompiling 1000:371a, pcode error at 1000:39ea: Unable to resolve constructor at 1000:39ea (DecompileCallback)  
WARN  Decompiling 1000:371a, pcode error at 1000:3843: Unable to resolve constructor at 1000:3843 (DecompileCallback)  
WARN  Decompiling 1000:3721, pcode error at 1000:39ea: Unable to resolve constructor at 1000:39ea (DecompileCallback)  
WARN  Decompiling 1000:3721, pcode error at 1000:3843: Unable to resolve constructor at 1000:3843 (DecompileCallback)  
WARN  Decompiling 1000:372f, pcode error at 1000:39ea: Unable to resolve constructor at 1000:39ea (DecompileCallback)  
WARN  Decompiling 1000:372f, pcode error at 1000:3843: Unable to resolve constructor at 1000:3843 (DecompileCallback)  
WARN  Decompiling 1000:3752, pcode error at 1000:39ea: Unable to resolve constructor at 1000:39ea (DecompileCallback)  
WARN  Decompiling 1000:3752, pcode error at 1000:3843: Unable to resolve constructor at 1000:3843 (DecompileCallback)  
WARN  Decompiling 1000:3763, pcode error at 1000:39ea: Unable to resolve constructor at 1000:39ea (DecompileCallback)  
WARN  Decompiling 1000:3763, pcode error at 1000:3843: Unable to resolve constructor at 1000:3843 (DecompileCallback)  
WARN  Decompiling 1000:3769, pcode error at 1000:39ea: Unable to resolve constructor at 1000:39ea (DecompileCallback)  
WARN  Decompiling 1000:3769, pcode error at 1000:3843: Unable to resolve constructor at 1000:3843 (DecompileCallback)  
WARN  Decompiling 1000:3790, pcode error at 1000:39ea: Unable to resolve constructor at 1000:39ea (DecompileCallback)  
WARN  Decompiling 1000:3790, pcode error at 1000:3843: Unable to resolve constructor at 1000:3843 (DecompileCallback)  
WARN  Decompiling 1000:379a, pcode error at 1000:39ea: Unable to resolve constructor at 1000:39ea (DecompileCallback)  
WARN  Decompiling 1000:379a, pcode error at 1000:3843: Unable to resolve constructor at 1000:3843 (DecompileCallback)  
WARN  Decompiling 1000:3815, pcode error at 1000:39ea: Unable to resolve constructor at 1000:39ea (DecompileCallback)  
WARN  Decompiling 1000:3815, pcode error at 1000:3843: Unable to resolve constructor at 1000:3843 (DecompileCallback)  
WARN  Decompiling 1000:382d, pcode error at 1000:39ea: Unable to resolve constructor at 1000:39ea (DecompileCallback)  
WARN  Decompiling 1000:382d, pcode error at 1000:3843: Unable to resolve constructor at 1000:3843 (DecompileCallback)  
WARN  Decompiling 1000:3842, pcode error at 1000:3843: Unable to resolve constructor at 1000:3843 (DecompileCallback)  
WARN  Decompiling 1000:3884, pcode error at 1000:39ea: Unable to resolve constructor at 1000:39ea (DecompileCallback)  
WARN  Decompiling 1000:3884, pcode error at 1000:3843: Unable to resolve constructor at 1000:3843 (DecompileCallback)  
WARN  Decompiling 1000:38b6, pcode error at 1000:39ea: Unable to resolve constructor at 1000:39ea (DecompileCallback)  
WARN  Decompiling 1000:38b6, pcode error at 1000:3843: Unable to resolve constructor at 1000:3843 (DecompileCallback)  
WARN  Decompiling 1000:38cb, pcode error at 1000:39ea: Unable to resolve constructor at 1000:39ea (DecompileCallback)  
WARN  Decompiling 1000:38cb, pcode error at 1000:3843: Unable to resolve constructor at 1000:3843 (DecompileCallback)  
WARN  Decompiling 1000:38de, pcode error at 1000:39ea: Unable to resolve constructor at 1000:39ea (DecompileCallback)  
WARN  Decompiling 1000:38de, pcode error at 1000:3843: Unable to resolve constructor at 1000:3843 (DecompileCallback)  
WARN  Decompiling 1000:38ed, pcode error at 1000:39ea: Unable to resolve constructor at 1000:39ea (DecompileCallback)  
WARN  Decompiling 1000:38ed, pcode error at 1000:3843: Unable to resolve constructor at 1000:3843 (DecompileCallback)  
WARN  Decompiling 1000:3914, pcode error at 1000:39ea: Unable to resolve constructor at 1000:39ea (DecompileCallback)  
WARN  Decompiling 1000:3914, pcode error at 1000:3843: Unable to resolve constructor at 1000:3843 (DecompileCallback)  
WARN  Decompiling 1000:3925, pcode error at 1000:39ea: Unable to resolve constructor at 1000:39ea (DecompileCallback)  
WARN  Decompiling 1000:3925, pcode error at 1000:3843: Unable to resolve constructor at 1000:3843 (DecompileCallback)  
WARN  Decompiling 1000:39b6, pcode error at 1000:39ea: Unable to resolve constructor at 1000:39ea (DecompileCallback)  
WARN  Decompiling 1000:39b6, pcode error at 1000:3843: Unable to resolve constructor at 1000:3843 (DecompileCallback)  
WARN  Decompiling 1000:39e9, pcode error at 1000:39ea: Unable to resolve constructor at 1000:39ea (DecompileCallback)  
WARN  Decompiling 1000:39e9, pcode error at 1000:3843: Unable to resolve constructor at 1000:3843 (DecompileCallback)  
WARN  Decompiling 1000:39ec, pcode error at 1000:39ea: Unable to resolve constructor at 1000:39ea (DecompileCallback)  
WARN  Decompiling 1000:39ec, pcode error at 1000:3843: Unable to resolve constructor at 1000:3843 (DecompileCallback)  
WARN  Decompiling 1000:3a1d, pcode error at 1000:39ea: Unable to resolve constructor at 1000:39ea (DecompileCallback)  
WARN  Decompiling 1000:3a1d, pcode error at 1000:3843: Unable to resolve constructor at 1000:3843 (DecompileCallback)  
WARN  Decompiling 1000:3b4b, pcode error at 1000:39ea: Unable to resolve constructor at 1000:39ea (DecompileCallback)  
WARN  Decompiling 1000:3b4b, pcode error at 1000:3843: Unable to resolve constructor at 1000:3843 (DecompileCallback)  
WARN  Decompiling 1000:3b6d, pcode error at 1000:39ea: Unable to resolve constructor at 1000:39ea (DecompileCallback)  
WARN  Decompiling 1000:3b6d, pcode error at 1000:3843: Unable to resolve constructor at 1000:3843 (DecompileCallback)  
WARN  Decompiling 1000:3cc4, pcode error at 1000:3d09: Unable to resolve constructor at 1000:3d09 (DecompileCallback)  
WARN  Decompiling 1000:3dc0, pcode error at 1000:3dfe: Unable to resolve constructor at 1000:3dfe (DecompileCallback)  
WARN  Decompiling 1000:3f40, pcode error at 1000:3f38: Unable to resolve constructor at 1000:3f38 (DecompileCallback)  
WARN  Decompiling 1000:402c, pcode error at 1000:4159: Unable to resolve constructor at 1000:4159 (DecompileCallback)  
WARN  Decompiling 1000:4086, pcode error at 1000:4159: Unable to resolve constructor at 1000:4159 (DecompileCallback)  
WARN  Decompiling 1000:416c, pcode error at 1000:4187: Unable to resolve constructor at 1000:4187 (DecompileCallback)  
WARN  Decompiling 1000:41ca, pcode error at 1000:4245: Unable to resolve constructor at 1000:4245 (DecompileCallback)  
WARN  Decompiling 1000:434e, pcode error at 1000:43db: Unable to resolve constructor at 1000:43db (DecompileCallback)  
WARN  Decompiling 1000:434e, pcode error at 1000:4431: Unable to resolve constructor at 1000:4431 (DecompileCallback)  
WARN  Decompiling 1000:435f, pcode error at 1000:43db: Unable to resolve constructor at 1000:43db (DecompileCallback)  
WARN  Decompiling 1000:435f, pcode error at 1000:4431: Unable to resolve constructor at 1000:4431 (DecompileCallback)  
WARN  Decompiling 1000:4399, pcode error at 1000:43db: Unable to resolve constructor at 1000:43db (DecompileCallback)  
WARN  Decompiling 1000:4399, pcode error at 1000:4431: Unable to resolve constructor at 1000:4431 (DecompileCallback)  
WARN  Decompiling 1000:43b4, pcode error at 1000:43db: Unable to resolve constructor at 1000:43db (DecompileCallback)  
WARN  Decompiling 1000:43d0, pcode error at 1000:43db: Unable to resolve constructor at 1000:43db (DecompileCallback)  
WARN  Decompiling 1000:4434, pcode error at 1000:4438: Unable to resolve constructor at 1000:4438 (DecompileCallback)  
WARN  Decompiling 1000:4754, pcode error at 1000:484c: Unable to resolve constructor at 1000:484c (DecompileCallback)  
WARN  Decompiling 1000:475c, pcode error at 1000:484c: Unable to resolve constructor at 1000:484c (DecompileCallback)  
WARN  Decompiling 1000:47ab, pcode error at 1000:484c: Unable to resolve constructor at 1000:484c (DecompileCallback)  
WARN  Decompiling 1000:47c8, pcode error at 1000:484c: Unable to resolve constructor at 1000:484c (DecompileCallback)  
WARN  Decompiling 1000:48a5, pcode error at 1000:4857: Unable to resolve constructor at 1000:4857 (DecompileCallback)  
WARN  Decompiling 1000:48a5, pcode error at 1000:8a85: Unable to resolve constructor at 1000:8a85 (DecompileCallback)  
WARN  Decompiling 1000:48ac, pcode error at 1000:4857: Unable to resolve constructor at 1000:4857 (DecompileCallback)  
WARN  Decompiling 1000:4919, pcode error at 1000:49d8: Unable to resolve constructor at 1000:49d8 (DecompileCallback)  
WARN  Decompiling 1000:4946, pcode error at 1000:484c: Unable to resolve constructor at 1000:484c (DecompileCallback)  
WARN  Decompiling 1000:4962, pcode error at 1000:484c: Unable to resolve constructor at 1000:484c (DecompileCallback)  
WARN  Decompiling 1000:4980, pcode error at 1000:5ae0: Unable to resolve constructor at 1000:5ae0 (DecompileCallback)  
WARN  Decompiling 1000:499c, pcode error at 1000:484c: Unable to resolve constructor at 1000:484c (DecompileCallback)  
WARN  Decompiling 1000:49c4, pcode error at 1000:49d8: Unable to resolve constructor at 1000:49d8 (DecompileCallback)  
WARN  Decompiling 1000:49cf, pcode error at 1000:49d8: Unable to resolve constructor at 1000:49d8 (DecompileCallback)  
WARN  Decompiling 1000:4b03, pcode error at 1000:4af8: Unable to resolve constructor at 1000:4af8 (DecompileCallback)  
WARN  Decompiling 1000:4b16, pcode error at 1000:4af8: Unable to resolve constructor at 1000:4af8 (DecompileCallback)  
WARN  Decompiling 1000:4b21, pcode error at 1000:4af8: Unable to resolve constructor at 1000:4af8 (DecompileCallback)  
WARN  Decompiling 1000:4b3d, pcode error at 1000:4af8: Unable to resolve constructor at 1000:4af8 (DecompileCallback)  
WARN  Decompiling 1000:4f5a, pcode error at 1000:4fe9: Unable to resolve constructor at 1000:4fe9 (DecompileCallback)  
WARN  Decompiling 1000:4f62, pcode error at 1000:4fe9: Unable to resolve constructor at 1000:4fe9 (DecompileCallback)  
WARN  Decompiling 1000:4f92, pcode error at 1000:4fe9: Unable to resolve constructor at 1000:4fe9 (DecompileCallback)  
WARN  Decompiling 1000:4fc5, pcode error at 1000:4fe9: Unable to resolve constructor at 1000:4fe9 (DecompileCallback)  
WARN  Decompiling 1000:503d, pcode error at 1000:51a5: Unable to resolve constructor at 1000:51a5 (DecompileCallback)  
WARN  Decompiling 1000:5048, pcode error at 1000:51a5: Unable to resolve constructor at 1000:51a5 (DecompileCallback)  
WARN  Decompiling 1000:504b, pcode error at 1000:51a5: Unable to resolve constructor at 1000:51a5 (DecompileCallback)  
WARN  Decompiling 1000:509f, pcode error at 1000:51a5: Unable to resolve constructor at 1000:51a5 (DecompileCallback)  
WARN  Decompiling 1000:53aa, pcode error at 1000:53e4: Unable to resolve constructor at 1000:53e4 (DecompileCallback)  
WARN  Decompiling 1000:53d6, pcode error at 1000:53e4: Unable to resolve constructor at 1000:53e4 (DecompileCallback)  
WARN  Decompiling 1000:54fb, pcode error at 1000:af8a: Could not follow disassembly flow into non-existing memory at 1000:af8a (DecompileCallback)  
WARN  Decompiling 1000:5507, pcode error at 1000:5562: Unable to resolve constructor at 1000:5562 (DecompileCallback)  
WARN  Decompiling 1000:5917, pcode error at 1000:599e: Unable to resolve constructor at 1000:599e (DecompileCallback)  
WARN  Decompiling 1000:591b, pcode error at 1000:599e: Unable to resolve constructor at 1000:599e (DecompileCallback)  
WARN  Decompiling 1000:5936, pcode error at 1000:599e: Unable to resolve constructor at 1000:599e (DecompileCallback)  
WARN  Decompiling 1000:5939, pcode error at 1000:599e: Unable to resolve constructor at 1000:599e (DecompileCallback)  
WARN  Decompiling 1000:5948, pcode error at 1000:599e: Unable to resolve constructor at 1000:599e (DecompileCallback)  
WARN  Decompiling 1000:5952, pcode error at 1000:599e: Unable to resolve constructor at 1000:599e (DecompileCallback)  
WARN  Decompiling 1000:5978, pcode error at 1000:599e: Unable to resolve constructor at 1000:599e (DecompileCallback)  
WARN  Decompiling 1000:5988, pcode error at 1000:599e: Unable to resolve constructor at 1000:599e (DecompileCallback)  
WARN  Decompiling 1000:5acf, pcode error at 1000:5ae0: Unable to resolve constructor at 1000:5ae0 (DecompileCallback)  
WARN  Decompiling 1000:5b91, pcode error at 1000:5bba: Failed to resolve varnode <Sreg>, index=6 (DecompileCallback)  
WARN  Decompiling 1000:5b9e, pcode error at 1000:5bba: Failed to resolve varnode <Sreg>, index=6 (DecompileCallback)  
WARN  Decompiling 1000:5ba1, pcode error at 1000:5bba: Failed to resolve varnode <Sreg>, index=6 (DecompileCallback)  
WARN  Decompiling 1000:5ba3, pcode error at 1000:5bba: Failed to resolve varnode <Sreg>, index=6 (DecompileCallback)  
WARN  Decompiling 1000:5bfc, pcode error at 1000:5c6f: Unable to resolve constructor at 1000:5c6f (DecompileCallback)  
WARN  Decompiling 1000:5c14, pcode error at 1000:5c6f: Unable to resolve constructor at 1000:5c6f (DecompileCallback)  
WARN  Decompiling 1000:5c30, pcode error at 1000:5c6f: Unable to resolve constructor at 1000:5c6f (DecompileCallback)  
WARN  Decompiling 1000:5c39, pcode error at 1000:5c6f: Unable to resolve constructor at 1000:5c6f (DecompileCallback)  
WARN  Decompiling 1000:5c43, pcode error at 1000:5c6f: Unable to resolve constructor at 1000:5c6f (DecompileCallback)  
WARN  Decompiling 1000:5e82, pcode error at 7000:8ab6: Could not follow disassembly flow into non-existing memory at 7000:8ab6 (DecompileCallback)  
WARN  Decompiling 1000:5e82, pcode error at 1000:5ef9: Unable to resolve constructor at 1000:5ef9 (DecompileCallback)  
WARN  Decompiling 1000:5e83, pcode error at 7000:8ab6: Could not follow disassembly flow into non-existing memory at 7000:8ab6 (DecompileCallback)  
WARN  Decompiling 1000:5e83, pcode error at 1000:5ef9: Unable to resolve constructor at 1000:5ef9 (DecompileCallback)  
WARN  Decompiling 1000:5e86, pcode error at 7000:8ab6: Could not follow disassembly flow into non-existing memory at 7000:8ab6 (DecompileCallback)  
WARN  Decompiling 1000:5e86, pcode error at 1000:5ef9: Unable to resolve constructor at 1000:5ef9 (DecompileCallback)  
WARN  Decompiling 1000:5e88, pcode error at 7000:8ab6: Could not follow disassembly flow into non-existing memory at 7000:8ab6 (DecompileCallback)  
WARN  Decompiling 1000:5e88, pcode error at 1000:5ef9: Unable to resolve constructor at 1000:5ef9 (DecompileCallback)  
WARN  Decompiling 1000:5ebc, pcode error at 7000:8ab6: Could not follow disassembly flow into non-existing memory at 7000:8ab6 (DecompileCallback)  
WARN  Decompiling 1000:5ed7, pcode error at 1000:5ef9: Unable to resolve constructor at 1000:5ef9 (DecompileCallback)  
WARN  Decompiling 1000:604c, pcode error at 1000:605a: Unable to resolve constructor at 1000:605a (DecompileCallback)  
WARN  Decompiling 1000:6132, pcode error at 1000:ac39: Could not follow disassembly flow into non-existing memory at 1000:ac39 (DecompileCallback)  
WARN  Decompiling 1000:6153, pcode error at 1000:ac39: Could not follow disassembly flow into non-existing memory at 1000:ac39 (DecompileCallback)  
WARN  Decompiling 1000:6159, pcode error at 1000:ac39: Could not follow disassembly flow into non-existing memory at 1000:ac39 (DecompileCallback)  
WARN  Decompiling 1000:6184, pcode error at 1000:61c9: Unable to resolve constructor at 1000:61c9 (DecompileCallback)  
WARN  Decompiling 1000:619e, pcode error at 1000:61c9: Unable to resolve constructor at 1000:61c9 (DecompileCallback)  
WARN  Decompiling 1000:61a2, pcode error at 1000:61c9: Unable to resolve constructor at 1000:61c9 (DecompileCallback)  
WARN  Decompiling 1000:61bd, pcode error at 1000:61c9: Unable to resolve constructor at 1000:61c9 (DecompileCallback)  
WARN  Decompiling 1000:61cb, pcode error at 1000:61c9: Unable to resolve constructor at 1000:61c9 (DecompileCallback)  
WARN  Decompiling 1000:61cb, pcode error at 1000:ac39: Could not follow disassembly flow into non-existing memory at 1000:ac39 (DecompileCallback)  
WARN  Decompiling 1000:61da, pcode error at 1000:61c9: Unable to resolve constructor at 1000:61c9 (DecompileCallback)  
WARN  Decompiling 1000:61da, pcode error at 1000:ac39: Could not follow disassembly flow into non-existing memory at 1000:ac39 (DecompileCallback)  
WARN  Decompiling 1000:658a, pcode error at 1000:66b3: Failed to resolve varnode <Sreg>, index=6 (DecompileCallback)  
WARN  Decompiling 1000:65fc, pcode error at 1000:66b3: Failed to resolve varnode <Sreg>, index=6 (DecompileCallback)  
WARN  Decompiling 1000:661b, pcode error at 1000:66b3: Failed to resolve varnode <Sreg>, index=6 (DecompileCallback)  
WARN  Decompiling 1000:669c, pcode error at 1000:66ae: Unable to resolve constructor at 1000:66ae (DecompileCallback)  
WARN  Decompiling 1000:66a0, pcode error at 1000:66ae: Unable to resolve constructor at 1000:66ae (DecompileCallback)  
WARN  Decompiling 1000:67c9, pcode error at 1000:680d: Unable to resolve constructor at 1000:680d (DecompileCallback)  
WARN  Decompiling 1000:682e, pcode error at 1000:6836: Unable to resolve constructor at 1000:6836 (DecompileCallback)  
WARN  Decompiling 1000:685d, pcode error at 1000:685f: Unable to resolve constructor at 1000:685f (DecompileCallback)  
WARN  Decompiling 1000:68b7, pcode error at 1000:6a45: Unable to resolve constructor at 1000:6a45 (DecompileCallback)  
WARN  Decompiling 1000:68b7, pcode error at 1000:692e: Unable to resolve constructor at 1000:692e (DecompileCallback)  
WARN  Decompiling 1000:68ed, pcode error at 1000:692e: Unable to resolve constructor at 1000:692e (DecompileCallback)  
WARN  Decompiling 1000:6994, pcode error at 1000:6a03: Unable to resolve constructor at 1000:6a03 (DecompileCallback)  
WARN  Decompiling 1000:6994, pcode error at 1000:6a1c: Unable to resolve constructor at 1000:6a1c (DecompileCallback)  
WARN  Decompiling 1000:69bc, pcode error at 1000:6a03: Unable to resolve constructor at 1000:6a03 (DecompileCallback)  
WARN  Decompiling 1000:69bc, pcode error at 1000:6a1c: Unable to resolve constructor at 1000:6a1c (DecompileCallback)  
WARN  Decompiling 1000:69c7, pcode error at 1000:6a03: Unable to resolve constructor at 1000:6a03 (DecompileCallback)  
WARN  Decompiling 1000:69fa, pcode error at 1000:6a03: Unable to resolve constructor at 1000:6a03 (DecompileCallback)  
WARN  Decompiling 1000:6c53, pcode error at 1000:6c5a: Unable to resolve constructor at 1000:6c5a (DecompileCallback)  
WARN  Decompiling 1000:6c57, pcode error at 1000:6c5a: Unable to resolve constructor at 1000:6c5a (DecompileCallback)  
WARN  Decompiling 1000:6c5b, pcode error at 1000:6c5c: Unable to resolve constructor at 1000:6c5c (DecompileCallback)  
WARN  Decompiling 1000:6c62, pcode error at 1000:6c6c: Unable to resolve constructor at 1000:6c6c (DecompileCallback)  
WARN  Decompiling 1000:6e8e, pcode error at 1000:6f11: Unable to resolve constructor at 1000:6f11 (DecompileCallback)  
WARN  Decompiling 1000:6e9a, pcode error at 1000:6f11: Unable to resolve constructor at 1000:6f11 (DecompileCallback)  
WARN  Decompiling 1000:6eed, pcode error at 1000:6f11: Unable to resolve constructor at 1000:6f11 (DecompileCallback)  
WARN  Decompiling 1000:6ef0, pcode error at 1000:6f11: Unable to resolve constructor at 1000:6f11 (DecompileCallback)  
WARN  Decompiling 1000:6efe, pcode error at 1000:6f11: Unable to resolve constructor at 1000:6f11 (DecompileCallback)  
WARN  Decompiling 1000:7036, pcode error at 1000:7047: Unable to resolve constructor at 1000:7047 (DecompileCallback)  
WARN  Decompiling 1000:7056, pcode error at 1000:70a4: Unable to resolve constructor at 1000:70a4 (DecompileCallback)  
WARN  Decompiling 1000:7056, pcode error at 1000:7047: Unable to resolve constructor at 1000:7047 (DecompileCallback)  
WARN  Decompiling 1000:72e3, pcode error at 6000:15a1: Could not follow disassembly flow into non-existing memory at 6000:15a1 (DecompileCallback)  
WARN  Decompiling 1000:72e3, pcode error at 1000:790f: Unable to resolve constructor at 1000:790f (DecompileCallback)  
WARN  Decompiling 1000:72e3, pcode error at 1000:742b: Unable to resolve constructor at 1000:742b (DecompileCallback)  
WARN  Decompiling 1000:72e3, pcode error at 1000:737e: Failed to resolve varnode <Sreg>, index=6 (DecompileCallback)  
WARN  Decompiling 1000:73ea, pcode error at 1000:742b: Unable to resolve constructor at 1000:742b (DecompileCallback)  
WARN  Decompiling 1000:743c, pcode error at 1000:743d: Unable to resolve constructor at 1000:743d (DecompileCallback)  
WARN  Decompiling 1000:77c1, pcode error at 1000:77dd: Unable to resolve constructor at 1000:77dd (DecompileCallback)  
WARN  Decompiling 1000:77e5, pcode error at 1000:780f: Unable to resolve constructor at 1000:780f (DecompileCallback)  
WARN  Decompiling 1000:77f2, pcode error at 1000:780f: Unable to resolve constructor at 1000:780f (DecompileCallback)  
WARN  Decompiling 1000:77fd, pcode error at 1000:780f: Unable to resolve constructor at 1000:780f (DecompileCallback)  
WARN  Decompiling 1000:7810, pcode error at 1000:790f: Unable to resolve constructor at 1000:790f (DecompileCallback)  
WARN  Decompiling 1000:7850, pcode error at 1000:790f: Unable to resolve constructor at 1000:790f (DecompileCallback)  
WARN  Decompiling 1000:785c, pcode error at 1000:790f: Unable to resolve constructor at 1000:790f (DecompileCallback)  
WARN  Decompiling 1000:7860, pcode error at 1000:790f: Unable to resolve constructor at 1000:790f (DecompileCallback)  
WARN  Decompiling 1000:786d, pcode error at 1000:790f: Unable to resolve constructor at 1000:790f (DecompileCallback)  
WARN  Decompiling 1000:7874, pcode error at 1000:790f: Unable to resolve constructor at 1000:790f (DecompileCallback)  
WARN  Decompiling 1000:7885, pcode error at 1000:790f: Unable to resolve constructor at 1000:790f (DecompileCallback)  
WARN  Decompiling 1000:78a1, pcode error at 1000:790f: Unable to resolve constructor at 1000:790f (DecompileCallback)  
WARN  Decompiling 1000:78c3, pcode error at 1000:790f: Unable to resolve constructor at 1000:790f (DecompileCallback)  
WARN  Decompiling 1000:7ae8, pcode error at 1000:7bc1: Unable to resolve constructor at 1000:7bc1 (DecompileCallback)  
WARN  Decompiling 1000:7aec, pcode error at 1000:7bc1: Unable to resolve constructor at 1000:7bc1 (DecompileCallback)  
WARN  Decompiling 1000:7b7d, pcode error at 1000:7bc1: Unable to resolve constructor at 1000:7bc1 (DecompileCallback)  
WARN  Decompiling 1000:7f36, pcode error at 1000:7f8f: Unable to resolve constructor at 1000:7f8f (DecompileCallback)  
WARN  Decompiling 1000:7f80, pcode error at 1000:7f8f: Unable to resolve constructor at 1000:7f8f (DecompileCallback)  
WARN  Decompiling 1000:801d, pcode error at 1000:8038: Unable to resolve constructor at 1000:8038 (DecompileCallback)  
WARN  Decompiling 1000:822d, pcode error at 1000:8300: Unable to resolve constructor at 1000:8300 (DecompileCallback)  
WARN  Decompiling 1000:822d, pcode error at 1000:82fa: Unable to resolve constructor at 1000:82fa (DecompileCallback)  
WARN  Decompiling 1000:828e, pcode error at 1000:82fa: Unable to resolve constructor at 1000:82fa (DecompileCallback)  
WARN  Decompiling 1000:8401, pcode error at 1000:8419: Unable to resolve constructor at 1000:8419 (DecompileCallback)  
WARN  Decompiling 1000:8401, pcode error at 1000:851d: Unable to resolve constructor at 1000:851d (DecompileCallback)  
WARN  Decompiling 1000:840b, pcode error at 1000:8419: Unable to resolve constructor at 1000:8419 (DecompileCallback)  
WARN  Decompiling 1000:840f, pcode error at 1000:8419: Unable to resolve constructor at 1000:8419 (DecompileCallback)  
WARN  Decompiling 1000:856d, pcode error at 1000:8589: Unable to resolve constructor at 1000:8589 (DecompileCallback)  
WARN  Decompiling 1000:856d, pcode error at 1000:8601: Unable to resolve constructor at 1000:8601 (DecompileCallback)  
WARN  Decompiling 1000:856d, pcode error at d000:cc6b: Could not follow disassembly flow into non-existing memory at d000:cc6b (DecompileCallback)  
WARN  Decompiling 1000:8576, pcode error at 1000:8589: Unable to resolve constructor at 1000:8589 (DecompileCallback)  
WARN  Decompiling 1000:8576, pcode error at 1000:8601: Unable to resolve constructor at 1000:8601 (DecompileCallback)  
WARN  Decompiling 1000:8576, pcode error at d000:cc6b: Could not follow disassembly flow into non-existing memory at d000:cc6b (DecompileCallback)  
WARN  Decompiling 1000:8579, pcode error at 1000:8589: Unable to resolve constructor at 1000:8589 (DecompileCallback)  
WARN  Decompiling 1000:8579, pcode error at 1000:8601: Unable to resolve constructor at 1000:8601 (DecompileCallback)  
WARN  Decompiling 1000:8579, pcode error at d000:cc6b: Could not follow disassembly flow into non-existing memory at d000:cc6b (DecompileCallback)  
WARN  Decompiling 1000:85e0, pcode error at 1000:8601: Unable to resolve constructor at 1000:8601 (DecompileCallback)  
WARN  Decompiling 1000:85e0, pcode error at 1000:8589: Unable to resolve constructor at 1000:8589 (DecompileCallback)  
WARN  Decompiling 1000:85e0, pcode error at d000:cc6b: Could not follow disassembly flow into non-existing memory at d000:cc6b (DecompileCallback)  
WARN  Decompiling 1000:85e0, pcode error at 1000:8600: Unable to resolve constructor at 1000:8600 (DecompileCallback)  
WARN  Decompiling 1000:85f2, pcode error at 1000:8601: Unable to resolve constructor at 1000:8601 (DecompileCallback)  
WARN  Decompiling 1000:8759, pcode error at 1000:8788: Unable to resolve constructor at 1000:8788 (DecompileCallback)  
WARN  Decompiling 1000:8794, pcode error at 1000:8814: Unable to resolve constructor at 1000:8814 (DecompileCallback)  
WARN  Decompiling 1000:879d, pcode error at 1000:8814: Unable to resolve constructor at 1000:8814 (DecompileCallback)  
WARN  Decompiling 1000:87a0, pcode error at 1000:8814: Unable to resolve constructor at 1000:8814 (DecompileCallback)  
WARN  Decompiling 1000:87bd, pcode error at 1000:8814: Unable to resolve constructor at 1000:8814 (DecompileCallback)  
WARN  Decompiling 1000:8844, pcode error at 1000:88ff: Unable to resolve constructor at 1000:88ff (DecompileCallback)  
WARN  Decompiling 1000:8844, pcode error at 1000:8a85: Unable to resolve constructor at 1000:8a85 (DecompileCallback)  
WARN  Decompiling 1000:8859, pcode error at 1000:8a85: Unable to resolve constructor at 1000:8a85 (DecompileCallback)  
WARN  Decompiling 1000:8859, pcode error at 1000:88ff: Unable to resolve constructor at 1000:88ff (DecompileCallback)  
WARN  Decompiling 1000:8860, pcode error at 1000:8a85: Unable to resolve constructor at 1000:8a85 (DecompileCallback)  
WARN  Decompiling 1000:8860, pcode error at 1000:88ff: Unable to resolve constructor at 1000:88ff (DecompileCallback)  
WARN  Decompiling 1000:88e0, pcode error at 1000:8a85: Unable to resolve constructor at 1000:8a85 (DecompileCallback)  
WARN  Decompiling 1000:88e0, pcode error at 1000:88ff: Unable to resolve constructor at 1000:88ff (DecompileCallback)  
WARN  Decompiling 1000:88e6, pcode error at 1000:8a85: Unable to resolve constructor at 1000:8a85 (DecompileCallback)  
WARN  Decompiling 1000:88e6, pcode error at 1000:88ff: Unable to resolve constructor at 1000:88ff (DecompileCallback)  
WARN  Decompiling 1000:8909, pcode error at 1000:8a85: Unable to resolve constructor at 1000:8a85 (DecompileCallback)  
WARN  Decompiling 1000:895a, pcode error at 1000:8a85: Unable to resolve constructor at 1000:8a85 (DecompileCallback)  
WARN  Decompiling 1000:899f, pcode error at 1000:8a85: Unable to resolve constructor at 1000:8a85 (DecompileCallback)  
WARN  Decompiling 1000:89c6, pcode error at 1000:8a85: Unable to resolve constructor at 1000:8a85 (DecompileCallback)  
WARN  Decompiling 1000:89cd, pcode error at 1000:8a85: Unable to resolve constructor at 1000:8a85 (DecompileCallback)  
WARN  Decompiling 1000:89d3, pcode error at 1000:8a85: Unable to resolve constructor at 1000:8a85 (DecompileCallback)  
WARN  Decompiling 1000:89ec, pcode error at 1000:8a85: Unable to resolve constructor at 1000:8a85 (DecompileCallback)  
WARN  Decompiling 1000:8a1a, pcode error at 1000:8a85: Unable to resolve constructor at 1000:8a85 (DecompileCallback)  
WARN  Decompiling 1000:8a2a, pcode error at 1000:8a85: Unable to resolve constructor at 1000:8a85 (DecompileCallback)  
WARN  Decompiling 1000:8a53, pcode error at 1000:8a85: Unable to resolve constructor at 1000:8a85 (DecompileCallback)  
WARN  Decompiling 1000:8a5c, pcode error at 1000:8a85: Unable to resolve constructor at 1000:8a85 (DecompileCallback)  
WARN  Decompiling 1000:8a81, pcode error at 1000:8a85: Unable to resolve constructor at 1000:8a85 (DecompileCallback)  
WARN  Decompiling 1000:8a82, pcode error at 1000:8a85: Unable to resolve constructor at 1000:8a85 (DecompileCallback)  
WARN  Decompiling 1000:8add, pcode error at 1000:8a85: Unable to resolve constructor at 1000:8a85 (DecompileCallback)  
WARN  Decompiling 1000:8afb, pcode error at 1000:8a85: Unable to resolve constructor at 1000:8a85 (DecompileCallback)  
WARN  Decompiling 1000:8cb5, pcode error at 1000:8d44: Unable to resolve constructor at 1000:8d44 (DecompileCallback)  
WARN  Decompiling 1000:8cb7, pcode error at 1000:8d44: Unable to resolve constructor at 1000:8d44 (DecompileCallback)  
WARN  Decompiling 1000:8cd0, pcode error at 1000:8d44: Unable to resolve constructor at 1000:8d44 (DecompileCallback)  
WARN  Decompiling 1000:8cec, pcode error at 1000:8d44: Unable to resolve constructor at 1000:8d44 (DecompileCallback)  
WARN  Decompiling 1000:8d15, pcode error at 1000:8d44: Unable to resolve constructor at 1000:8d44 (DecompileCallback)  
WARN  Decompiling 1000:8d16, pcode error at 1000:8d44: Unable to resolve constructor at 1000:8d44 (DecompileCallback)  
WARN  Decompiling 1000:8d2e, pcode error at 1000:8d44: Unable to resolve constructor at 1000:8d44 (DecompileCallback)  
WARN  Decompiling 1000:8ee5, pcode error at 1000:8eeb: Unable to resolve constructor at 1000:8eeb (DecompileCallback)  
WARN  Decompiling 1000:8f5c, pcode error at 1000:8fc1: Unable to resolve constructor at 1000:8fc1 (DecompileCallback)  
WARN  Decompiling 1000:9239, pcode error at 1000:9269: Unable to resolve constructor at 1000:9269 (DecompileCallback)  
WARN  Decompiling 1000:95a6, pcode error at 1000:95fd: Unable to resolve constructor at 1000:95fd (DecompileCallback)  
WARN  Decompiling 1000:95a6, pcode error at 1000:960d: Unable to resolve constructor at 1000:960d (DecompileCallback)  
WARN  Decompiling 1000:95c5, pcode error at 1000:95fd: Unable to resolve constructor at 1000:95fd (DecompileCallback)  
WARN  Decompiling 1000:95c5, pcode error at 1000:960d: Unable to resolve constructor at 1000:960d (DecompileCallback)  
WARN  Decompiling 1000:960e, pcode error at 1000:9642: Unable to resolve constructor at 1000:9642 (DecompileCallback)  
WARN  Decompiling 1000:960e, pcode error at 1000:95fd: Unable to resolve constructor at 1000:95fd (DecompileCallback)  
WARN  Decompiling 1000:9611, pcode error at 1000:9642: Unable to resolve constructor at 1000:9642 (DecompileCallback)  
WARN  Decompiling 1000:9611, pcode error at 1000:95fd: Unable to resolve constructor at 1000:95fd (DecompileCallback)  
WARN  Decompiling 1000:9650, pcode error at 1000:9677: Unable to resolve constructor at 1000:9677 (DecompileCallback)  
WARN  Decompiling 1000:967a, pcode error at 1000:969b: Unable to resolve constructor at 1000:969b (DecompileCallback)  
WARN  Decompiling 1000:9680, pcode error at 1000:969b: Unable to resolve constructor at 1000:969b (DecompileCallback)  
WARN  Decompiling 1000:96a0, pcode error at 1000:96a6: Unable to resolve constructor at 1000:96a6 (DecompileCallback)  
WARN  Decompiling 1000:96a4, pcode error at 1000:96a6: Unable to resolve constructor at 1000:96a6 (DecompileCallback)  
WARN  Decompiling 1000:96ed, pcode error at 1000:9742: Failed to resolve varnode <Sreg>, index=6 (DecompileCallback)  
WARN  Decompiling 1000:9749, pcode error at 1000:9772: Unable to resolve constructor at 1000:9772 (DecompileCallback)  
WARN  Decompiling 1000:977d, pcode error at 1000:9785: Unable to resolve constructor at 1000:9785 (DecompileCallback)  
WARN  Decompiling 1000:983c, pcode error at 1000:9840: Unable to resolve constructor at 1000:9840 (DecompileCallback)  
WARN  Decompiling 1000:9883, pcode error at 1000:98a1: Unable to resolve constructor at 1000:98a1 (DecompileCallback)  
WARN  Decompiling 1000:9883, pcode error at 1000:9863: Unable to resolve constructor at 1000:9863 (DecompileCallback)  
WARN  Decompiling 1000:99d8, pcode error at 1000:9a6a: Unable to resolve constructor at 1000:9a6a (DecompileCallback)  
WARN  Decompiling 1000:9ab5, pcode error at 1000:9a6a: Unable to resolve constructor at 1000:9a6a (DecompileCallback)  
WARN  Decompiling 1000:9d17, pcode error at 1000:9d7f: Unable to resolve constructor at 1000:9d7f (DecompileCallback)  
WARN  Decompiling 1000:9ea6, pcode error at 1000:9eab: Unable to resolve constructor at 1000:9eab (DecompileCallback)  
WARN  Decompiling 1000:9f38, pcode error at 1000:a38c: Unable to resolve constructor at 1000:a38c (DecompileCallback)  
WARN  Decompiling 1000:a120, pcode error at 1000:a16a: Unable to resolve constructor at 1000:a16a (DecompileCallback)  
WARN  Decompiling 1000:a1b8, pcode error at 1000:a285: Unable to resolve constructor at 1000:a285 (DecompileCallback)  
WARN  Decompiling 1000:a1b8, pcode error at 1000:a186: Failed to resolve varnode <Sreg>, index=7 (DecompileCallback)  
WARN  Decompiling 1000:a1c4, pcode error at 1000:a285: Unable to resolve constructor at 1000:a285 (DecompileCallback)  
WARN  Decompiling 1000:a1c4, pcode error at 1000:a186: Failed to resolve varnode <Sreg>, index=7 (DecompileCallback)  
WARN  Decompiling 1000:a27b, pcode error at 1000:a285: Unable to resolve constructor at 1000:a285 (DecompileCallback)  
WARN  Decompiling 1000:a307, pcode error at 1000:a38c: Unable to resolve constructor at 1000:a38c (DecompileCallback)  
WARN  Decompiling 1000:a393, pcode error at 1000:a3ad: Unable to resolve constructor at 1000:a3ad (DecompileCallback)  
INFO  DecompileAll.java> decompiled 802 functions, 9 failed (GhidraScript)  
INFO  ANALYZING changes made by post scripts: file:///C:/prog/claude2/lord_monarch_wasm/tmp/mem.bin (HeadlessAnalyzer)  
WARN  Decompiling 1000:4091, pcode error at 1000:4159: Unable to resolve constructor at 1000:4159 (DecompileCallback)  
WARN  Decompiling 1000:4858, pcode error at 1000:ff04: Could not follow disassembly flow into non-existing memory at 1000:ff04 (DecompileCallback)  
WARN  Decompiling 1000:4858, pcode error at 1000:c27e: Could not follow disassembly flow into non-existing memory at 1000:c27e (DecompileCallback)  
WARN  Decompiling 1000:4858, pcode error at 1000:8788: Unable to resolve constructor at 1000:8788 (DecompileCallback)  
WARN  Decompiling 1000:4858, pcode error at 1000:c016: Could not follow disassembly flow into non-existing memory at 1000:c016 (DecompileCallback)  
WARN  Decompiling 1000:4858, pcode error at 1000:8814: Unable to resolve constructor at 1000:8814 (DecompileCallback)  
WARN  Decompiling 1000:4858, pcode error at 1000:88ff: Unable to resolve constructor at 1000:88ff (DecompileCallback)  
WARN  Decompiling 1000:4858, pcode error at 1000:c012: Could not follow disassembly flow into non-existing memory at 1000:c012 (DecompileCallback)  
WARN  Decompiling 1000:0f8b, pcode error at 1000:ffaf: Could not follow disassembly flow into non-existing memory at 1000:ffaf (DecompileCallback)  
WARN  Decompiling 1000:0f8b, pcode error at 1000:e803: Could not follow disassembly flow into non-existing memory at 1000:e803 (DecompileCallback)  
WARN  Decompiling 1000:0f8b, pcode error at 1000:bc53: Could not follow disassembly flow into non-existing memory at 1000:bc53 (DecompileCallback)  
WARN  Decompiling 1000:0f8b, pcode error at 1000:753a: Unable to resolve constructor at 1000:753a (DecompileCallback)  
WARN  Decompiling 1000:0f8b, pcode error at 1000:0684: Unable to resolve constructor at 1000:0684 (DecompileCallback)  
WARN  Decompiling 1000:0f8b, pcode error at 1000:0654: Unable to resolve constructor at 1000:0654 (DecompileCallback)  
WARN  Decompiling 1000:0f8b, pcode error at 1000:e6c4: Could not follow disassembly flow into non-existing memory at 1000:e6c4 (DecompileCallback)  
WARN  Decompiling 1000:0f8b, pcode error at 1000:eb71: Could not follow disassembly flow into non-existing memory at 1000:eb71 (DecompileCallback)  
WARN  Decompiling 1000:0f8b, pcode error at 1000:e63b: Could not follow disassembly flow into non-existing memory at 1000:e63b (DecompileCallback)  
WARN  Decompiling 1000:0f8b, pcode error at 1000:4af8: Unable to resolve constructor at 1000:4af8 (DecompileCallback)  
WARN  Decompiling 1000:0f8b, pcode error at 1000:c4d8: Could not follow disassembly flow into non-existing memory at 1000:c4d8 (DecompileCallback)  
WARN  Decompiling 1000:0f8b, pcode error at 1000:d961: Could not follow disassembly flow into non-existing memory at 1000:d961 (DecompileCallback)  
WARN  Decompiling 1000:0f8b, pcode error at 1000:9d7f: Unable to resolve constructor at 1000:9d7f (DecompileCallback)  
WARN  Decompiling 1000:0f8b, pcode error at 1000:3b40: Unable to resolve constructor at 1000:3b40 (DecompileCallback)  
WARN  Decompiling 1000:0f8b, pcode error at 1000:39ea: Unable to resolve constructor at 1000:39ea (DecompileCallback)  
WARN  Decompiling 1000:0f8b, pcode error at 1000:3843: Unable to resolve constructor at 1000:3843 (DecompileCallback)  
WARN  Decompiling 1000:0f8b, pcode error at 1000:29b0: Unable to resolve constructor at 1000:29b0 (DecompileCallback)  
WARN  Decompiling 1000:0f8b, pcode error at 1000:4d36: Unable to resolve constructor at 1000:4d36 (DecompileCallback)  
WARN  Decompiling 1000:0f8b, pcode error at 1000:0084: Unable to resolve constructor at 1000:0084 (DecompileCallback)  
WARN  Decompiling 1000:0f8b, pcode error at 1000:ee3f: Could not follow disassembly flow into non-existing memory at 1000:ee3f (DecompileCallback)  
WARN  Decompiling 1000:0f8b, pcode error at 1000:dfba: Could not follow disassembly flow into non-existing memory at 1000:dfba (DecompileCallback)  
WARN  Decompiling 1000:0f8b, pcode error at 1000:f72a: Could not follow disassembly flow into non-existing memory at 1000:f72a (DecompileCallback)  
WARN  Decompiling 1000:0f8b, pcode error at 1000:c608: Could not follow disassembly flow into non-existing memory at 1000:c608 (DecompileCallback)  
WARN  Decompiling 1000:0f8b, pcode error at 1000:4db6: Unable to resolve constructor at 1000:4db6 (DecompileCallback)  
WARN  Decompiling 1000:0f8b, pcode error at 1000:4159: Unable to resolve constructor at 1000:4159 (DecompileCallback)  
WARN  Decompiling 1000:0f8b, pcode error at 1000:66b3: Failed to resolve varnode <Sreg>, index=6 (DecompileCallback)  
WARN  Decompiling 1000:0f8b, pcode error at 1000:f88b: Could not follow disassembly flow into non-existing memory at 1000:f88b (DecompileCallback)  
WARN  Decompiling 1000:0f8b, pcode error at 1000:03e2: Unable to resolve constructor at 1000:03e2 (DecompileCallback)  
WARN  Decompiling 1000:0f8b, pcode error at 1000:0301: Unable to resolve constructor at 1000:0301 (DecompileCallback)  
WARN  Decompiling 1000:0f8b, pcode error at 1000:1f69: Unable to resolve constructor at 1000:1f69 (DecompileCallback)  
WARN  Decompiling 1000:0f8b, pcode error at 1000:1da8: Unable to resolve constructor at 1000:1da8 (DecompileCallback)  
WARN  Decompiling 1000:0f8b, pcode error at 1000:ec38: Could not follow disassembly flow into non-existing memory at 1000:ec38 (DecompileCallback)  
WARN  Decompiling 1000:0f8b, pcode error at 1000:c3c2: Could not follow disassembly flow into non-existing memory at 1000:c3c2 (DecompileCallback)  
WARN  Decompiling 1000:0f8b, pcode error at 1000:1bb6: Unable to resolve constructor at 1000:1bb6 (DecompileCallback)  
WARN  Decompiling 1000:0f8b, pcode error at 1000:6984: Unable to resolve constructor at 1000:6984 (DecompileCallback)  
WARN  Decompiling 1000:0f8b, pcode error at 1000:5562: Unable to resolve constructor at 1000:5562 (DecompileCallback)  
WARN  Decompiling 1000:0f8b, pcode error at 1000:f980: Could not follow disassembly flow into non-existing memory at 1000:f980 (DecompileCallback)  
WARN  Decompiling 1000:0f8b, pcode error at 1000:b986: Could not follow disassembly flow into non-existing memory at 1000:b986 (DecompileCallback)  
WARN  Decompiling 1000:0f8b, pcode error at 1000:c35b: Could not follow disassembly flow into non-existing memory at 1000:c35b (DecompileCallback)  
WARN  Decompiling 1000:0f8b, pcode error at 1000:e9d0: Could not follow disassembly flow into non-existing memory at 1000:e9d0 (DecompileCallback)  
WARN  Decompiling 1000:0f8b, pcode error at 1000:c316: Could not follow disassembly flow into non-existing memory at 1000:c316 (DecompileCallback)  
WARN  Decompiling 1000:0f8b, pcode error at 1000:3031: Unable to resolve constructor at 1000:3031 (DecompileCallback)  
WARN  Decompiling 1000:0f8b, pcode error at 1000:c221: Could not follow disassembly flow into non-existing memory at 1000:c221 (DecompileCallback)  
WARN  Decompiling 1000:0f8b, pcode error at 1000:2691: Unable to resolve constructor at 1000:2691 (DecompileCallback)  
WARN  Decompiling 1000:0f8b, pcode error at 1000:2653: Unable to resolve constructor at 1000:2653 (DecompileCallback)  
WARN  Decompiling 1000:0f8b, pcode error at 1000:8a85: Unable to resolve constructor at 1000:8a85 (DecompileCallback)  
WARN  Decompiling 1000:0f8b, pcode error at 1000:c3e8: Could not follow disassembly flow into non-existing memory at 1000:c3e8 (DecompileCallback)  
WARN  Decompiling 1000:0f8b, pcode error at 1000:d3c3: Could not follow disassembly flow into non-existing memory at 1000:d3c3 (DecompileCallback)  
WARN  Decompiling 1000:0f8b, pcode error at 1000:c922: Could not follow disassembly flow into non-existing memory at 1000:c922 (DecompileCallback)  
WARN  Decompiling 1000:0f8b, pcode error at 1000:c35a: Could not follow disassembly flow into non-existing memory at 1000:c35a (DecompileCallback)  
WARN  Decompiling 1000:0f8b, pcode error at 1000:e50a: Could not follow disassembly flow into non-existing memory at 1000:e50a (DecompileCallback)  
WARN  Decompiling 1000:0f8b, pcode error at 1000:c203: Could not follow disassembly flow into non-existing memory at 1000:c203 (DecompileCallback)  
WARN  Decompiling 1000:0f8b, pcode error at 1000:9840: Unable to resolve constructor at 1000:9840 (DecompileCallback)  
WARN  Decompiling 1000:0f8b, pcode error at 1000:97b3: Unable to resolve constructor at 1000:97b3 (DecompileCallback)  
WARN  Decompiling 1000:0f8b, pcode error at 1000:c25d: Could not follow disassembly flow into non-existing memory at 1000:c25d (DecompileCallback)  
WARN  Decompiling 1000:0f8b, pcode error at 1000:9797: Unable to resolve constructor at 1000:9797 (DecompileCallback)  
WARN  Decompiling 1000:0f8b, pcode error at 1000:e3d1: Could not follow disassembly flow into non-existing memory at 1000:e3d1 (DecompileCallback)  
WARN  Decompiling 1000:0f8b, pcode error at 6000:fb58: Could not follow disassembly flow into non-existing memory at 6000:fb58 (DecompileCallback)  
WARN  Decompiling 1000:0f8b, pcode error at 1000:edd0: Could not follow disassembly flow into non-existing memory at 1000:edd0 (DecompileCallback)  
WARN  Decompiling 1000:0f8b, pcode error at 1000:7108: Unable to resolve constructor at 1000:7108 (DecompileCallback)  
WARN  Decompiling 1000:0f8b, pcode error at 1000:f7a2: Could not follow disassembly flow into non-existing memory at 1000:f7a2 (DecompileCallback)  
WARN  Decompiling 1000:0f8b, pcode error at 1000:a285: Unable to resolve constructor at 1000:a285 (DecompileCallback)  
WARN  Decompiling 1000:0f8b, pcode error at 1000:b7a2: Could not follow disassembly flow into non-existing memory at 1000:b7a2 (DecompileCallback)  
WARN  Decompiling 1000:0f8b, pcode error at 1000:c032: Could not follow disassembly flow into non-existing memory at 1000:c032 (DecompileCallback)  
WARN  Decompiling 1000:0f8b, pcode error at 1000:e88f: Could not follow disassembly flow into non-existing memory at 1000:e88f (DecompileCallback)  
WARN  Decompiling 1000:0f8b, pcode error at 1000:b20f: Could not follow disassembly flow into non-existing memory at 1000:b20f (DecompileCallback)  
WARN  Decompiling 1000:0f8b, pcode error at 1000:b65f: Could not follow disassembly flow into non-existing memory at 1000:b65f (DecompileCallback)  
WARN  Decompiling 1000:0f8b, pcode error at 1000:bfb2: Could not follow disassembly flow into non-existing memory at 1000:bfb2 (DecompileCallback)  
WARN  Decompiling 1000:0f8b, pcode error at 1000:f172: Could not follow disassembly flow into non-existing memory at 1000:f172 (DecompileCallback)  
WARN  Decompiling 1000:0f8b, pcode error at 1000:fe5f: Could not follow disassembly flow into non-existing memory at 1000:fe5f (DecompileCallback)  
WARN  Decompiling 1000:0f8b, pcode error at 1000:8004: Unable to resolve constructor at 1000:8004 (DecompileCallback)  
WARN  Decompiling 1000:0f8b, pcode error at 1000:51a5: Unable to resolve constructor at 1000:51a5 (DecompileCallback)  
WARN  Decompiling 1000:0f8b, pcode error at 1000:c39d: Could not follow disassembly flow into non-existing memory at 1000:c39d (DecompileCallback)  
WARN  Decompiling 1000:0f8b, pcode error at 1000:e83a: Could not follow disassembly flow into non-existing memory at 1000:e83a (DecompileCallback)  
WARN  Decompiling 1000:0f8b, pcode error at 1000:8419: Unable to resolve constructor at 1000:8419 (DecompileCallback)  
WARN  Decompiling 1000:0f8b, pcode error at 1000:842e: Unable to resolve constructor at 1000:842e (DecompileCallback)  
WARN  Decompiling 1000:0f8b, pcode error at 1000:26f4: Unable to resolve constructor at 1000:26f4 (DecompileCallback)  
WARN  Decompiling 1000:0f8b, pcode error at 1000:3b3d: Unable to resolve constructor at 1000:3b3d (DecompileCallback)  
WARN  Decompiling 1000:0f8b, pcode error at 1000:fa50: Could not follow disassembly flow into non-existing memory at 1000:fa50 (DecompileCallback)  
WARN  Decompiling 1000:0f8b, pcode error at 1000:2622: Unable to resolve constructor at 1000:2622 (DecompileCallback)  
WARN  Decompiling 1000:0f8b, pcode error at 1000:8052: Unable to resolve constructor at 1000:8052 (DecompileCallback)  
WARN  Decompiling 1000:0f8b, pcode error at 1000:742b: Unable to resolve constructor at 1000:742b (DecompileCallback)  
WARN  Decompiling 1000:0f8b, pcode error at 1000:d000: Could not follow disassembly flow into non-existing memory at 1000:d000 (DecompileCallback)  
WARN  Decompiling 1000:0f8b, pcode error at 1000:b624: Could not follow disassembly flow into non-existing memory at 1000:b624 (DecompileCallback)  
WARN  Decompiling 1000:0f8b, pcode error at 1000:f255: Could not follow disassembly flow into non-existing memory at 1000:f255 (DecompileCallback)  
WARN  Decompiling 1000:0f8b, pcode error at 1000:d08a: Could not follow disassembly flow into non-existing memory at 1000:d08a (DecompileCallback)  
WARN  Decompiling 1000:0f8b, pcode error at 1000:22b2: Unable to resolve constructor at 1000:22b2 (DecompileCallback)  
WARN  Decompiling 1000:0f8b, pcode error at 1000:2f3e: Unable to resolve constructor at 1000:2f3e (DecompileCallback)  
WARN  Decompiling 1000:0f8b, pcode error at 1000:b01c: Could not follow disassembly flow into non-existing memory at 1000:b01c (DecompileCallback)  
WARN  Decompiling 1000:0f8b, pcode error at 1000:e8ff: Could not follow disassembly flow into non-existing memory at 1000:e8ff (DecompileCallback)  
WARN  Decompiling 1000:0f8b, pcode error at 1000:c65f: Could not follow disassembly flow into non-existing memory at 1000:c65f (DecompileCallback)  
WARN  Decompiling 1000:0f8b, pcode error at 1000:8eeb: Unable to resolve constructor at 1000:8eeb (DecompileCallback)  
WARN  Decompiling 1000:0f8b, pcode error at 1000:8814: Unable to resolve constructor at 1000:8814 (DecompileCallback)  
WARN  Decompiling 1000:0f8b, pcode error at 1000:e480: Could not follow disassembly flow into non-existing memory at 1000:e480 (DecompileCallback)  
WARN  Decompiling 1000:0f8b, pcode error at 1000:d48a: Could not follow disassembly flow into non-existing memory at 1000:d48a (DecompileCallback)  
WARN  Decompiling 1000:0f8b, pcode error at 1000:b046: Could not follow disassembly flow into non-existing memory at 1000:b046 (DecompileCallback)  
WARN  Decompiling 1000:0f8b, pcode error at 1000:f5e2: Could not follow disassembly flow into non-existing memory at 1000:f5e2 (DecompileCallback)  
WARN  Decompiling 1000:0f8b, pcode error at 1000:ac38: Could not follow disassembly flow into non-existing memory at 1000:ac38 (DecompileCallback)  
WARN  Decompiling 1000:0f8b, pcode error at 1000:b930: Could not follow disassembly flow into non-existing memory at 1000:b930 (DecompileCallback)  
WARN  Decompiling 1000:0f8b, pcode error at 1000:db03: Could not follow disassembly flow into non-existing memory at 1000:db03 (DecompileCallback)  
WARN  Decompiling 1000:0f8b, pcode error at 1000:ff32: Could not follow disassembly flow into non-existing memory at 1000:ff32 (DecompileCallback)  
WARN  Decompiling 1000:0f8b, pcode error at 1000:f8e2: Could not follow disassembly flow into non-existing memory at 1000:f8e2 (DecompileCallback)  
WARN  Decompiling 1000:0f8b, pcode error at 1000:cee8: Could not follow disassembly flow into non-existing memory at 1000:cee8 (DecompileCallback)  
WARN  Decompiling 1000:0f8b, pcode error at 1000:0004: Unable to resolve constructor at 1000:0004 (DecompileCallback)  
WARN  Decompiling 1000:0f8b, pcode error at 1000:b9ff: Could not follow disassembly flow into non-existing memory at 1000:b9ff (DecompileCallback)  
WARN  Decompiling 1000:0f8b, pcode error at 1000:b280: Could not follow disassembly flow into non-existing memory at 1000:b280 (DecompileCallback)  
WARN  Decompiling 1000:0f8b, pcode error at 1000:e928: Could not follow disassembly flow into non-existing memory at 1000:e928 (DecompileCallback)  
WARN  Decompiling 1000:0f8b, pcode error at 1000:b6f0: Could not follow disassembly flow into non-existing memory at 1000:b6f0 (DecompileCallback)  
WARN  Decompiling 1000:0f8b, pcode error at 1000:ca10: Could not follow disassembly flow into non-existing memory at 1000:ca10 (DecompileCallback)  
WARN  Decompiling 1000:0f8b, pcode error at 1000:ad55: Could not follow disassembly flow into non-existing memory at 1000:ad55 (DecompileCallback)  
WARN  Decompiling 1000:0f8b, pcode error at 1000:e828: Could not follow disassembly flow into non-existing memory at 1000:e828 (DecompileCallback)  
WARN  Decompiling 1000:0f8b, pcode error at 1000:b60f: Could not follow disassembly flow into non-existing memory at 1000:b60f (DecompileCallback)  
WARN  Decompiling 1000:0f8b, pcode error at 1000:e280: Could not follow disassembly flow into non-existing memory at 1000:e280 (DecompileCallback)  
WARN  Decompiling 1000:0f8b, pcode error at 1000:f9e2: Could not follow disassembly flow into non-existing memory at 1000:f9e2 (DecompileCallback)  
WARN  Decompiling 1000:0f8b, pcode error at 1000:c2fe: Could not follow disassembly flow into non-existing memory at 1000:c2fe (DecompileCallback)  
WARN  Decompiling 1000:0f8b, pcode error at 1000:e800: Could not follow disassembly flow into non-existing memory at 1000:e800 (DecompileCallback)  
WARN  Decompiling 1000:0f8b, pcode error at 1000:28d6: Unable to resolve constructor at 1000:28d6 (DecompileCallback)  
WARN  Decompiling 1000:0f8b, pcode error at 1000:ee20: Could not follow disassembly flow into non-existing memory at 1000:ee20 (DecompileCallback)  
WARN  Decompiling 1000:0f8b, pcode error at 1000:9a6a: Unable to resolve constructor at 1000:9a6a (DecompileCallback)  
WARN  Decompiling 1000:0f8b, pcode error at 1000:7f8f: Unable to resolve constructor at 1000:7f8f (DecompileCallback)  
WARN  Decompiling 1000:0f8b, pcode error at 1000:c360: Could not follow disassembly flow into non-existing memory at 1000:c360 (DecompileCallback)  
WARN  Decompiling 1000:0f8b, pcode error at 1000:c383: Could not follow disassembly flow into non-existing memory at 1000:c383 (DecompileCallback)  
INFO  -----------------------------------------------------
    Call Convention ID                         0.027 secs
    Call-Fixup Installer                       0.063 secs
    Create Function                            0.513 secs
    Data Reference                             0.001 secs
    Decompiler Switch Analysis                21.097 secs
    Non-Returning Functions - Discovered       0.662 secs
    Reference                                  0.759 secs
    Segmented X86 Calling Conventions          0.025 secs
    Shared Return Calls                        0.353 secs
    Stack                                      4.027 secs
    Subroutine References                      0.356 secs
    X86 Function Callee Purge                  0.535 secs
    x86 Constant Reference Analyzer           10.056 secs
-----------------------------------------------------
     Total Time   38 secs
-----------------------------------------------------
 (AutoAnalysisManager)  
INFO  REPORT: Post-analysis succeeded for file: file:///C:/prog/claude2/lord_monarch_wasm/tmp/mem.bin (HeadlessAnalyzer)  
INFO  /mem.bin: file created (yomei2) (LocalFileSystem)  
INFO  REPORT: Save succeeded for: /mem.bin (lm:/mem.bin) (HeadlessAnalyzer)  
INFO  REPORT: Import succeeded (HeadlessAnalyzer)  
